[swellfilms.netlify.app/index.html]
[backblue.gif]
[fade.gif]
[index.html]
[swellfilms.netlify.app/images/portfolio/villa-17.jpg]
[swellfilms.netlify.app/images/logo/favicon.png]
[swellfilms.netlify.app/images/portfolio/villa-19.jpg]
[swellfilms.netlify.app/images/logo/logo-black.png]
[swellfilms.netlify.app/images/portfolio/apartment-05.jpg]
[swellfilms.netlify.app/images/portfolio/apartment-10.jpg]
[swellfilms.netlify.app/images/portfolio/apartment-11.jpg]
[swellfilms.netlify.app/images/portfolio/apartment-01.jpg]
[swellfilms.netlify.app/images/portfolio/villa-18.jpg]
[swellfilms.netlify.app/images/portfolio/apartment-02.jpg]
[swellfilms.netlify.app/images/portfolio/apartment-03.jpg]
[swellfilms.netlify.app/images/portfolio/apartment-16.jpg]
[swellfilms.netlify.app/images/portfolio/apartment-04.jpg]
[swellfilms.netlify.app/images/portfolio/apartment-07.jpg]
[swellfilms.netlify.app/images/portfolio/apartment-08.jpg]
[swellfilms.netlify.app/images/portfolio/apartment-06.jpg]
[swellfilms.netlify.app/images/portfolio/apartment-09.jpg]
[swellfilms.netlify.app/images/portfolio/apartment-12.jpg]
[swellfilms.netlify.app/images/portfolio/apartment-13.jpg]
[swellfilms.netlify.app/images/portfolio/apartment-14.jpg]
[i.ytimg.com/vi/vUQZ5qqlKI0/maxresdefault.jpg]
[i.ytimg.com/vi/vUQZ5qqlKI0/hqdefault.jpg]
[i.ytimg.com/vi/G6bWPQORoxI/maxresdefault.jpg]
[i.ytimg.com/vi/G6bWPQORoxI/hqdefault.jpg]
[i.ytimg.com/vi/gLfLpk8HTDQ/maxresdefault.jpg]
[i.ytimg.com/vi/gLfLpk8HTDQ/hqdefault.jpg]
[i.ytimg.com/vi/yhDy1I7rR80/maxresdefault.jpg]
[i.ytimg.com/vi/yhDy1I7rR80/hqdefault.jpg]
[i.ytimg.com/vi/FhAKDEEaGWM/maxresdefault.jpg]
[i.ytimg.com/vi/FhAKDEEaGWM/hqdefault.jpg]
[i.ytimg.com/vi/SSpD-3cEEI4/maxresdefault.jpg]
[i.ytimg.com/vi/SSpD-3cEEI4/hqdefault.jpg]
[i.ytimg.com/vi/Nz9r_vGsMFI/maxresdefault.jpg]
[i.ytimg.com/vi/Nz9r_vGsMFI/hqdefault.jpg]
[i.ytimg.com/vi/QjzsRFd9rNo/maxresdefault.jpg]
[i.ytimg.com/vi/QjzsRFd9rNo/hqdefault.jpg]
[i.ytimg.com/vi/sobp7cted2E/maxresdefault.jpg]
[i.ytimg.com/vi/sobp7cted2E/hqdefault.jpg]
[i.ytimg.com/vi/gyszS5Am5c0/maxresdefault.jpg]
[i.ytimg.com/vi/gyszS5Am5c0/hqdefault.jpg]
[i.ytimg.com/vi/4E8AhQNPX9k/maxresdefault.jpg]
[i.ytimg.com/vi/4E8AhQNPX9k/hqdefault.jpg]
[i.ytimg.com/vi/-9AkUehNVh0/maxresdefault.jpg]
[i.ytimg.com/vi/-9AkUehNVh0/hqdefault.jpg]
[i.ytimg.com/vi/4I_c0zOcv-k/maxresdefault.jpg]
[i.ytimg.com/vi/4I_c0zOcv-k/hqdefault.jpg]
[i.ytimg.com/vi/3X-1Fu6GLMg/maxresdefault.jpg]
[i.ytimg.com/vi/3X-1Fu6GLMg/hqdefault.jpg]
[swellfilms.netlify.app/images/logo/logo-white.png]
[swellfilms.netlify.app/index.html]
